good
second statement of compound
23.0
Your grade is an: B
