36.565010597564445
-0.9683343651587963
0.2496568790410366
7.198183577101943
Infinity
