Hello, world.
hidden number is 4020
Identifier -> num <- is not defined.