April
C
1.0
2.0
3.0
4.0
10
3.141592654
hello world!
hii
hii
52
sack
10
20
34
34
Well done
hahaha
21.0
True
lol 7False8.0434349.5421.0True string